// Jest Snapshot v1, https://goo.gl/fbAQLP

exports[`<App /> should render and match the snapshot 1`] = `
<ForwardRef(App__AppWrapper)>
  <Helmet
    defaultTitle="LoveThyNeighbour"
    defer={true}
    encodeSpecialCharacters={true}
    titleTemplate="%s - LoveThyNeighbour"
  >
    <meta
      content="'Connecting volunteers with those who need assistance during the Covid-19 global outbreak"
      name="description"
    />
  </Helmet>
  <Header />
  <Switch>
    <Route
      component={[Function]}
      exact={true}
      path="/"
    />
    <Route
      component={[Function]}
      exact={true}
      path="/assistance"
    />
    <Route
      component={[Function]}
      exact={true}
      path="/volunteer"
    />
    <Route
      component={[Function]}
      exact={true}
      path="/volunteer/group"
    />
    <Route
      component={[Function]}
      exact={true}
      path="/about"
    />
    <Route
      component={[Function]}
    />
  </Switch>
  <GlobalStyleComponent />
</ForwardRef(App__AppWrapper)>
`;
