// Jest Snapshot v1, https://goo.gl/fbAQLP

exports[`<Img /> should match the snapshot 1`] = `
.c0 {
  width: 100%;
  margin: 0 auto;
  display: -webkit-box;
  display: -webkit-flex;
  display: -ms-flexbox;
  display: flex;
}

<img
  alt="test"
  class="c0"
  src="http://example.com/test.jpg"
/>
`;
